[T=4||tc]=4
[T=4||oh]=360.0
[T=4||vs]=4
[T=4||or]=[65.9,66.0,62.9,71.5]
[T=4||op]=(0.03,3.61,360.0)
[T=4||re]=(5.75,10.04,360.0)
[T=4||cp]=(0.02,3.61,360.0)
[T=4||g]=0|insufficient valid sensors|6.45/7.15|r90=4.50|j=0.91
[T=8||tc]=8
[T=8||oh]=0.1
[T=8||vs]=4
[T=8||or]=[65.9,66.0,58.1,76.3]
[T=8||op]=(0.09,8.39,0.1)
[T=8||re]=(2.38,13.68,0.1)
[T=8||cp]=(2.38,13.68,0.1)
[T=8||g]=1||5.29/7.63|r90=5.87|j=3.10
[T=12||tc]=12
[T=12||oh]=359.9
[T=12||vs]=3
[T=12||or]=[65.9,66.0,53.3,-1.0]
[T=12||op]=(0.17,13.29,359.9)
[T=12||re]=(1.54,13.40,359.9)
[T=12||cp]=(2.45,17.19,359.9)
[T=12||g]=0|r90 gate|1.55/6.59|r90=6.89|j=2.72
[T=16||tc]=16
[T=16||oh]=0.0
[T=16||vs]=3
[T=16||or]=[65.9,66.0,48.5,-1.0]
[T=16||op]=(0.23,18.20,0.0)
[T=16||re]=(1.42,19.97,0.0)
[T=16||cp]=(1.42,19.97,0.0)
[T=16||g]=1||1.98/4.85|r90=4.40|j=1.18
[T=20||tc]=20
[T=20||oh]=0.1
[T=20||vs]=3
[T=20||or]=[65.9,66.0,43.7,-1.0]
[T=20||op]=(0.22,22.99,0.1)
[T=20||re]=(1.44,24.62,0.1)
[T=20||cp]=(1.44,24.62,0.1)
[T=20||g]=1||1.83/4.37|r90=4.29|j=1.14
